SQL> CREATE TABLE PRODUCT_2005017(PRODUCTNO VARCHAR2(10) PRIMARY KEY, QTY_ORDER VARCHAR2(10), RATE NUMBER(10,2));

Table created.

SQL> CREATE TABLE CLIENT_2005017(CLIENTNO VARCHAR2(10) UNIQUE, NAME VARCHAR2(10), CITY VARCHAR2(10), SALARY NUMBER(10,2));

Table created.

SQL> CREATE TABLE EMPLOYEE_2005017(EMPNO VARCHAR2(10) CHECK(EMPNO LIKE 'E%'), FNAME VARCHAR2(10) CHECK(FNAME=UPPER(FNAME)), MNAME VARCHAR2(10), LNAME VARCHAR2(10) CHECK(LNAME=UPPER(LNAME)));

Table created.

SQL> CREATE TABLE CUSTOMER_2005017(CUSTOMERNO VARCHAR2(10) NOT NULL, NAME VARCHAR2(10) NOT NULL, SALARY NUMBER(10,2), ADDRESS VARCHAR2(10));
CREATE TABLE CUSTOMER_2005017(CUSTOMERNO VARCHAR2(10) NOT NULL, NAME VARCHAR2(10) NOT NULL, SALARY NUMBER(10,2), ADDRESS VARCHAR2(10))
             *
ERROR at line 1:
ORA-00955: name is already used by an existing object 


SQL> SELECT TABLE_NAME FROM USER_TABLES;

TABLE_NAME                                                                      
------------------------------                                                  
DEPOSIT_2005017                                                                 
BRANCH_2005017                                                                  
CUSTOMER_2005017                                                                
BORROW_2005017                                                                  
PRODUCT_2005017                                                                 
CLIENT_2005017                                                                  
EMPLOYEE_2005017                                                                

7 rows selected.

SQL> CREATE TABLE CUSTOMER_017(CUSTOMERNO VARCHAR2(10) NOT NULL, NAME VARCHAR2(10) NOT NULL, SALARY NUMBER(10,2), ADDRESS VARCHAR2(10));

Table created.

SQL> CREATE TABLE SALESORDERDETAILS(DORDERNO VARCHAR(10) PRIMARY KEY, PRODUCTNO VARCHAR(10), QTYORDER NUMBER(8,2), RATE NUMBER(10,2));

Table created.

SQL> CREATE TABLE SALESORDER(ORDERNO VARCHAR(10) CONSTRAINT ORDERNO_FK REFERENCES SALESORDERDETAILS(DORDERNO), ORDERDATE DATE, CLIENTNO VARCHAR(10), ORDERSTATUS VARCHAR(10));

Table created.

SQL> ALTER TABLE SALESORDER DROP CONSTRAINT ORDERNO_FK;

Table altered.

SQL> ALTER TABLE SALESORDER ADD CONSTRAINT ORDERNO_FK_CASCADE FOREIGN KEY(ORDERNO) REFERENCES SALESORDERDETAILS(DORDERNO) ON DELETE CASCADE;

Table altered.

SQL> ALTER TABLE SALESORDER DROP CONSTRAINT ORDERNO_FK_CASCADE;

Table altered.

SQL> ALTER TABLE SALESORDER ADD CONSTRAINT ORDERNO_FK_SET_NULL FOREIGN KEY(ORDERNO) REFERENCES SALESORDERDETAILS(DORDERNO) ON DELETE SET NULL;

Table altered.

SQL> ALTER TABLE EMPLOYEE_2005017 ADD CONSTRAINT FNAME_PK PRIMARY KEY(FNAME);

Table altered.

SQL> ALTER TABLE EMPLOYEE_2005017 DROP PRIMARY KEY;

Table altered.

SQL> ALTER TABLE SALESORDER ADD CONSTRAINT CLIENTNO_FK FOREIGN KEY(CLIENTNO) REFERENCES SALESORDERDETAILS(DORDERNO);

Table altered.

SQL> ALTER TABLE SALESORDER DROP CONSTRAINT CLIENTNO_FK;

Table altered.

SQL> spool off;
